Encoding: THE QUICK BROWN FOX JUMPED OVER THE LAZY DOG Key: 3
 Encoded: WKH TXLFN EURZQ IRA MXPSHG RYHU WKH ODCB GRJ
 Decoded: THE QUICK BROWN FOX JUMPED OVER THE LAZY DOG
Decoding: CDL XH IWT LXCITG DU DJG SXHRDCITCI
 Decoded: NOW IS THE WINTER OF OUR DISCONTENT Found key: 15
None
