The list: (1, 2, 3, 4)
The expanded list: 1 2 3 4
Head: 1
Last: 4
Tail: (2, 3, 4)
Init: (1, 2, 3)
Apply function:
1
2
3
4
None
Apply anonymous Function:
1
2
3
4
None
Map with + 2: (3, 4, 5, 6)
Accumulate: 10
Reverse: (4, 3, 2, 1)
None
