- .... . / --.- ..- .. -.-. -.- / -... .-. --- .-- -. / ..-. --- -..- 
THE QUICK BROWN FOX
None
